// Jest Snapshot v1, https://goo.gl/fbAQLP

exports[`Header should match the snapshot 1`] = `
Array [
  <h1>
    Challenge 
    1
  </h1>,
  <p>
    A beautiful test
  </p>,
]
`;
