// Jest Snapshot v1, https://goo.gl/fbAQLP

exports[`Input should match the snapshot 1`] = `
<form
  onSubmit={[Function]}
>
  <label
    htmlFor="test"
  >
    A test
  </label>
  <input
    data-testid="input"
    name="test"
    type="text"
    value="a value"
  />
</form>
`;
